// Jest Snapshot v1, https://goo.gl/fbAQLP

exports[`Avatar renders correctly and matches snapshot 1`] = `
<DocumentFragment>
  <div
    class="avatar"
  >
    <div
      class="w-24 rounded-full ring ring-primary ring-offset-base-100 ring-offset-2"
    >
      <img
        alt="User Avatar"
        src="https://via.placeholder.com/150"
      />
    </div>
  </div>
</DocumentFragment>
`;
