// Jest Snapshot v1, https://goo.gl/fbAQLP

exports[`Layout Component should render correctly and match snapshot 1`] = `
<DocumentFragment>
  <div
    class="m-10 grid grid-cols-1 sm:grid-cols-2 md:grid-cols-3 lg:grid-cols-4 gap-4"
    role="group"
  >
    <div>
      Child 1
    </div>
    <div>
      Child 2
    </div>
  </div>
</DocumentFragment>
`;
